
> medi-bill-ai@0.1.0 build
> next build

Γû▓ Next.js 16.2.1 (Turbopack)

  Creating an optimized production build ...
Γ£ô Compiled successfully in 3.5s
  Running TypeScript ...
  Finished TypeScript in 4.2s ...
  Collecting page data using 7 workers ...
  Generating static pages using 7 workers (0/6) ...
node.exe : Error 
occurred prerendering 
page "/". Read more: ht
tps://nextjs.org/docs/m
essages/prerender-error
At line:1 char:1
+ & "C:\Program 
Files\nodejs/node.exe" 
"C:\Program 
Files\nodejs/node_mo 
...
+ ~~~~~~~~~~~~~~~~~~~~~
~~~~~~~~~~~~~~~~~~~~~~~
~~~~~~~~~~~~~~~~~~~~~~~
~~
    + CategoryInfo     
         : NotSpecifi  
  ed: (Error occurre   
 d ...prerender-err    
or:String) [], Rem    
oteException
    + FullyQualifiedEr 
   rorId : NativeComm  
  andError
 
Error: Attempted to 
call buttonVariants() 
from the server but 
buttonVariants is on 
the client. It's not 
possible to invoke a 
client function from 
the server, it can 
only be rendered as a 
Component or passed to 
props of a Client 
Component.
    at <unknown> (C:\Us
ers\DIVYA\OneDrive\Desk
top\MediBillAI\.next\se
rver\chunks\ssr\_0ix7xw
~._.js:1:3871)
    at <unknown> (C:\Us
ers\DIVYA\OneDrive\Desk
top\MediBillAI\.next\se
rver\chunks\ssr\_0ix7xw
~._.js:1:41164)
    at stringify 
(<anonymous>) {
  digest: '4115521402'
}
Export encountered an 
error on /page: /, 
exiting the build.
Γ¿» Next.js build 
worker exited with 
code: 1 and signal: 
null
